// Jest Snapshot v1, https://goo.gl/fbAQLP

exports[`daily data works 1`] = `
Object {
  "data": Array [
    Object {
      "date": "Timestamp/Date",
      "from_close": "Float",
      "from_high": "Float",
      "from_low": "Float",
      "from_open": "Float",
      "market_cap": "Float",
      "to_close": "Float",
      "to_high": "Float",
      "to_low": "Float",
      "to_open": "Float",
      "volume": "Float",
    },
  ],
  "digital_currency_code": "String",
  "digital_currency_name": "String",
  "information": "String",
  "last_refreshed": "Timestamp/Date",
  "market_code": "String",
  "market_name": "String",
  "time_zone": "String",
}
`;

exports[`exchangeRates data works 1`] = `
Object {
  "ask_price": "Float",
  "bid_price": "Float",
  "exchange_rate": "Float",
  "from_currency_code": "String",
  "from_currency_name": "String",
  "last_refreshed": "Timestamp/Date",
  "time_zone": "String",
  "to_currency_code": "String",
  "to_currency_name": "String",
}
`;

exports[`exchangeTimeSeries data works 1`] = `
Object {
  "data": Array [
    Object {
      "date": "Timestamp/Date",
      "from_close": "Float",
      "from_high": "Float",
      "from_low": "Float",
      "from_open": "Float",
      "market_cap": "Float",
      "to_close": "Float",
      "to_high": "Float",
      "to_low": "Float",
      "to_open": "Float",
      "volume": "Float",
    },
  ],
  "digital_currency_code": "String",
  "digital_currency_name": "String",
  "information": "String",
  "last_refreshed": "Timestamp/Date",
  "market_code": "String",
  "market_name": "String",
  "time_zone": "String",
}
`;

exports[`monthly data works 1`] = `
Object {
  "data": Array [
    Object {
      "date": "Timestamp/Date",
      "from_close": "Float",
      "from_high": "Float",
      "from_low": "Float",
      "from_open": "Float",
      "market_cap": "Float",
      "to_close": "Float",
      "to_high": "Float",
      "to_low": "Float",
      "to_open": "Float",
      "volume": "Float",
    },
  ],
  "digital_currency_code": "String",
  "digital_currency_name": "String",
  "information": "String",
  "last_refreshed": "Timestamp/Date",
  "market_code": "String",
  "market_name": "String",
  "time_zone": "String",
}
`;

exports[`weekly data works 1`] = `
Object {
  "data": Array [
    Object {
      "date": "Timestamp/Date",
      "from_close": "Float",
      "from_high": "Float",
      "from_low": "Float",
      "from_open": "Float",
      "market_cap": "Float",
      "to_close": "Float",
      "to_high": "Float",
      "to_low": "Float",
      "to_open": "Float",
      "volume": "Float",
    },
  ],
  "digital_currency_code": "String",
  "digital_currency_name": "String",
  "information": "String",
  "last_refreshed": "Timestamp/Date",
  "market_code": "String",
  "market_name": "String",
  "time_zone": "String",
}
`;
