// Jest Snapshot v1, https://goo.gl/fbAQLP

exports[`sector performance data works 1`] = `
Object {
  "information": null,
  "last_refreshed": null,
  "rank_a_real_time_performance": Object {
    "communication_services": null,
    "consumer_discretionary": null,
    "consumer_staples": null,
    "energy": null,
    "financials": null,
    "health_care": null,
    "industrials": null,
    "information_technology": null,
    "materials": null,
    "real_estate": null,
    "utilities": null,
  },
  "rank_b_day_performance": Object {
    "communication_services": null,
    "consumer_discretionary": null,
    "consumer_staples": null,
    "energy": null,
    "financials": null,
    "health_care": null,
    "industrials": null,
    "information_technology": null,
    "materials": null,
    "real_estate": null,
    "utilities": null,
  },
  "rank_c_day_performance": Object {
    "communication_services": null,
    "consumer_discretionary": null,
    "consumer_staples": null,
    "energy": null,
    "financials": null,
    "health_care": null,
    "industrials": null,
    "information_technology": null,
    "materials": null,
    "real_estate": null,
    "utilities": null,
  },
  "rank_d_month_performance": Object {
    "communication_services": null,
    "consumer_discretionary": null,
    "consumer_staples": null,
    "energy": null,
    "financials": null,
    "health_care": null,
    "industrials": null,
    "information_technology": null,
    "materials": null,
    "real_estate": null,
    "utilities": null,
  },
  "rank_e_month_performance": Object {
    "communication_services": null,
    "consumer_discretionary": null,
    "consumer_staples": null,
    "energy": null,
    "financials": null,
    "health_care": null,
    "industrials": null,
    "information_technology": null,
    "materials": null,
    "real_estate": null,
    "utilities": null,
  },
  "rank_f_year_to_date_ytd_performance": Object {
    "communication_services": null,
    "consumer_discretionary": null,
    "consumer_staples": null,
    "energy": null,
    "financials": null,
    "health_care": null,
    "industrials": null,
    "information_technology": null,
    "materials": null,
    "real_estate": null,
    "utilities": null,
  },
  "rank_g_year_performance": Object {
    "communication_services": null,
    "consumer_discretionary": null,
    "consumer_staples": null,
    "energy": null,
    "financials": null,
    "health_care": null,
    "industrials": null,
    "information_technology": null,
    "materials": null,
    "real_estate": null,
    "utilities": null,
  },
  "rank_h_year_performance": Object {
    "communication_services": null,
    "consumer_discretionary": null,
    "consumer_staples": null,
    "energy": null,
    "financials": null,
    "health_care": null,
    "industrials": null,
    "information_technology": null,
    "materials": null,
    "real_estate": null,
    "utilities": null,
  },
  "rank_i_year_performance": Object {
    "communication_services": null,
    "consumer_discretionary": null,
    "consumer_staples": null,
    "energy": null,
    "financials": null,
    "health_care": null,
    "industrials": null,
    "information_technology": null,
    "materials": null,
    "utilities": null,
  },
  "rank_j_year_performance": Object {
    "communication_services": null,
    "consumer_discretionary": null,
    "consumer_staples": null,
    "energy": null,
    "financials": null,
    "health_care": null,
    "industrials": null,
    "information_technology": null,
    "materials": null,
    "utilities": null,
  },
}
`;
